[2026-10-03 12:09:40] Scanner started.
[2026-10-03 12:10:05] 🔴 AEHRONUSDT: EMA20 crossed BELOW EMA200 (bearish)
1m candle 12:08 | close 106.63
https://www.mexc.com/exchange/AEHRON_USDT
[2026-10-03 12:10:07] 🔴 AMZNONUSDT: EMA20 crossed BELOW EMA200 (bearish)
1m candle 12:09 | close 251.37
https://www.mexc.com/exchange/AMZNON_USDT
[2026-10-03 12:10:07] 🔴 APLDONUSDT: EMA20 crossed BELOW EMA200 (bearish)
1m candle 12:09 | close 25.46
https://www.mexc.com/exchange/APLDON_USDT
[2026-10-03 12:10:07] 🔴 ARCAIUSDT: EMA20 crossed BELOW EMA200 (bearish)
1m candle 12:08 | close 0.00223
https://www.mexc.com/exchange/ARCAI_USDT
[2026-10-03 12:10:07] 🔴 ARCSOLUSDT: EMA20 crossed BELOW EMA200 (bearish)
1m candle 12:09 | close 0.06942
https://www.mexc.com/exchange/ARCSOL_USDT
[2026-10-03 12:10:10] 🔴 C98USDT: EMA20 crossed BELOW EMA200 (bearish)
1m candle 12:08 | close 0.01672
https://www.mexc.com/exchange/C98_USDT
[2026-10-03 12:10:12] 🟢 CORZONUSDT: EMA20 crossed ABOVE EMA200 (bullish)
1m candle 12:08 | close 16.35
https://www.mexc.com/exchange/CORZON_USDT
[2026-10-03 12:10:22] 🔴 CRMONUSDT: EMA20 crossed BELOW EMA200 (bearish)
1m candle 12:08 | close 235.54
https://www.mexc.com/exchange/CRMON_USDT
[2026-10-03 12:10:23] 🔴 DMTRUSDT: EMA20 crossed BELOW EMA200 (bearish)
1m candle 12:09 | close 0.008162
https://www.mexc.com/exchange/DMTR_USDT
[2026-10-03 12:10:23] 🟢 DOGUSDT: EMA20 crossed ABOVE EMA200 (bullish)
1m candle 12:09 | close 0.0009296
https://www.mexc.com/exchange/DOG_USDT
[2026-10-03 12:10:23] 🔴 DOTUSDT: EMA20 crossed BELOW EMA200 (bearish)
1m candle 12:09 | close 1.1524
https://www.mexc.com/exchange/DOT_USDT
[2026-10-03 12:10:23] 🟢 DRBUSDT: EMA20 crossed ABOVE EMA200 (bullish)
1m candle 12:08 | close 0.0002028
https://www.mexc.com/exchange/DRB_USDT
[2026-10-03 12:10:23] 🟢 ENPHONUSDT: EMA20 crossed ABOVE EMA200 (bullish)
1m candle 12:09 | close 33.59
https://www.mexc.com/exchange/ENPHON_USDT
[2026-10-03 12:10:24] 🟢 ESPORTSUSDT: EMA20 crossed ABOVE EMA200 (bullish)
1m candle 12:08 | close 0.02186
https://www.mexc.com/exchange/ESPORTS_USDT
[2026-10-03 12:10:26] 🔴 FUNTOKENUSDT: EMA20 crossed BELOW EMA200 (bearish)
1m candle 12:08 | close 0.0083804
https://www.mexc.com/exchange/FUNTOKEN_USDT
[2026-10-03 12:10:26] 🔴 HARRYUSDT: EMA20 crossed BELOW EMA200 (bearish)
1m candle 12:09 | close 0.016473
https://www.mexc.com/exchange/HARRY_USDT
[2026-10-03 12:10:27] 🔴 INTERUSDT: EMA20 crossed BELOW EMA200 (bearish)
1m candle 12:09 | close 0.201
https://www.mexc.com/exchange/INTER_USDT
[2026-10-03 12:10:28] 🔴 KEELONUSDT: EMA20 crossed BELOW EMA200 (bearish)
1m candle 12:09 | close 3.618
https://www.mexc.com/exchange/KEELON_USDT
[2026-10-03 12:10:41] 🔴 NATGUSDT: EMA20 crossed BELOW EMA200 (bearish)
1m candle 12:09 | close 2264.0
https://www.mexc.com/exchange/NATG_USDT
[2026-10-03 12:10:43] 🔴 PBRONUSDT: EMA20 crossed BELOW EMA200 (bearish)
1m candle 12:09 | close 22.62
https://www.mexc.com/exchange/PBRON_USDT
[2026-10-03 12:10:44] 🟢 PYPLONUSDT: EMA20 crossed ABOVE EMA200 (bullish)
1m candle 12:08 | close 53.67
https://www.mexc.com/exchange/PYPLON_USDT
[2026-10-03 12:10:46] 🔴 ROLLUSDT: EMA20 crossed BELOW EMA200 (bearish)
1m candle 12:09 | close 0.0828
https://www.mexc.com/exchange/ROLL_USDT
[2026-10-03 12:10:46] 🔴 ROSEUSDT: EMA20 crossed BELOW EMA200 (bearish)
1m candle 12:09 | close 0.008259
https://www.mexc.com/exchange/ROSE_USDT
[2026-10-03 12:10:48] 🟢 SOFIONUSDT: EMA20 crossed ABOVE EMA200 (bullish)
1m candle 12:08 | close 15.72
https://www.mexc.com/exchange/SOFION_USDT
[2026-10-03 12:10:48] 🟢 SMARTUSDT: EMA20 crossed ABOVE EMA200 (bullish)
1m candle 12:09 | close 0.004834
https://www.mexc.com/exchange/SMART_USDT
[2026-10-03 12:10:48] 🟢 SOUNONUSDT: EMA20 crossed ABOVE EMA200 (bullish)
1m candle 12:08 | close 5.863
https://www.mexc.com/exchange/SOUNON_USDT
[2026-10-03 12:10:48] 🔴 SOUNONUSDT: EMA20 crossed BELOW EMA200 (bearish)
1m candle 12:09 | close 5.849
https://www.mexc.com/exchange/SOUNON_USDT
[2026-10-03 12:10:48] 🟢 SOXSONUSDT: EMA20 crossed ABOVE EMA200 (bullish)
1m candle 12:08 | close 3.022
https://www.mexc.com/exchange/SOXSON_USDT
[2026-10-03 12:11:00] 🔴 TNSRUSDT: EMA20 crossed BELOW EMA200 (bearish)
1m candle 12:09 | close 0.03979
https://www.mexc.com/exchange/TNSR_USDT
[2026-10-03 12:11:01] 🔴 TUSDT: EMA20 crossed BELOW EMA200 (bearish)
1m candle 12:10 | close 0.005527
https://www.mexc.com/exchange/T_USDT
[2026-10-03 12:11:01] 🟢 TTMIONUSDT: EMA20 crossed ABOVE EMA200 (bullish)
1m candle 12:09 | close 133.64
https://www.mexc.com/exchange/TTMION_USDT
[2026-10-03 12:11:01] 🔴 UMXUSDT: EMA20 crossed BELOW EMA200 (bearish)
1m candle 12:10 | close 0.0616
https://www.mexc.com/exchange/UMX_USDT
[2026-10-03 12:11:02] 🟢 VSTONUSDT: EMA20 crossed ABOVE EMA200 (bullish)
1m candle 12:09 | close 144.52
https://www.mexc.com/exchange/VSTON_USDT
[2026-10-03 12:11:04] 🟢 牛来USDT: EMA20 crossed ABOVE EMA200 (bullish)
1m candle 12:10 | close 0.086136
https://www.mexc.com/exchange/牛来_USDT
[2026-10-03 12:11:04] 🔴 牛来USDT: EMA20 crossed BELOW EMA200 (bearish)
1m candle 12:09 | close 0.085688
https://www.mexc.com/exchange/牛来_USDT
[2026-10-03 12:12:04] 🟢 APLDONUSDT: EMA20 crossed ABOVE EMA200 (bullish)
1m candle 12:11 | close 25.51
https://www.mexc.com/exchange/APLDON_USDT
[2026-10-03 12:12:05] 🔴 ATHUSDT: EMA20 crossed BELOW EMA200 (bearish)
1m candle 12:10 | close 0.0067
https://www.mexc.com/exchange/ATH_USDT
[2026-10-03 12:12:06] 🔴 AXTIONUSDT: EMA20 crossed BELOW EMA200 (bearish)
1m candle 12:10 | close 85.96
https://www.mexc.com/exchange/AXTION_USDT
[2026-10-03 12:12:06] 🟢 BARUSDT: EMA20 crossed ABOVE EMA200 (bullish)
1m candle 12:10 | close 0.2805
https://www.mexc.com/exchange/BAR_USDT
[2026-10-03 12:12:06] 🔴 BARUSDT: EMA20 crossed BELOW EMA200 (bearish)
1m candle 12:11 | close 0.2804
https://www.mexc.com/exchange/BAR_USDT
[2026-10-03 12:12:06] 🟢 BATONUSDT: EMA20 crossed ABOVE EMA200 (bullish)
1m candle 12:10 | close 0.002832
https://www.mexc.com/exchange/BATON_USDT
[2026-10-03 12:12:08] 🔴 CFGUSDT: EMA20 crossed BELOW EMA200 (bearish)
1m candle 12:10 | close 0.1464
https://www.mexc.com/exchange/CFG_USDT
[2026-10-03 12:12:09] 🔴 CITYUSDT: EMA20 crossed BELOW EMA200 (bearish)
1m candle 12:10 | close 0.3524
https://www.mexc.com/exchange/CITY_USDT
[2026-10-03 12:12:09] 🔴 COPXONUSDT: EMA20 crossed BELOW EMA200 (bearish)
1m candle 12:10 | close 85.91
https://www.mexc.com/exchange/COPXON_USDT
[2026-10-03 12:12:09] 🔴 CORZONUSDT: EMA20 crossed BELOW EMA200 (bearish)
1m candle 12:11 | close 16.33
https://www.mexc.com/exchange/CORZON_USDT
[2026-10-03 12:12:21] 🔴 ELFUSDT: EMA20 crossed BELOW EMA200 (bearish)
1m candle 12:11 | close 0.0764
https://www.mexc.com/exchange/ELF_USDT
[2026-10-03 12:12:21] 🔴 EWYONUSDT: EMA20 crossed BELOW EMA200 (bearish)
1m candle 12:10 | close 190.49
https://www.mexc.com/exchange/EWYON_USDT
[2026-10-03 12:12:22] 🔴 FRAXUSDT: EMA20 crossed BELOW EMA200 (bearish)
1m candle 12:10 | close 0.2959
https://www.mexc.com/exchange/FRAX_USDT
[2026-10-03 12:12:23] 🟢 FUTUONUSDT: EMA20 crossed ABOVE EMA200 (bullish)
1m candle 12:10 | close 104.54
https://www.mexc.com/exchange/FUTUON_USDT
[2026-10-03 12:12:24] 🔴 HIMSONUSDT: EMA20 crossed BELOW EMA200 (bearish)
1m candle 12:10 | close 29.02
https://www.mexc.com/exchange/HIMSON_USDT
[2026-10-03 12:12:25] 🟢 INTCONUSDT: EMA20 crossed ABOVE EMA200 (bullish)
1m candle 12:10 | close 118.32
https://www.mexc.com/exchange/INTCON_USDT
[2026-10-03 12:12:25] 🔴 INTCONUSDT: EMA20 crossed BELOW EMA200 (bearish)
1m candle 12:11 | close 118.3
https://www.mexc.com/exchange/INTCON_USDT
[2026-10-03 12:12:25] 🔴 INUSDT: EMA20 crossed BELOW EMA200 (bearish)
1m candle 12:10 | close 0.03713
https://www.mexc.com/exchange/IN_USDT
[2026-10-03 12:12:25] 🟢 ISRGONUSDT: EMA20 crossed ABOVE EMA200 (bullish)
1m candle 12:11 | close 392.59
https://www.mexc.com/exchange/ISRGON_USDT
[2026-10-03 12:12:25] 🔴 JDONUSDT: EMA20 crossed BELOW EMA200 (bearish)
1m candle 12:11 | close 26.66
https://www.mexc.com/exchange/JDON_USDT
[2026-10-03 12:12:26] 🟢 KIIUSDT: EMA20 crossed ABOVE EMA200 (bullish)
1m candle 12:11 | close 0.08704
https://www.mexc.com/exchange/KII_USDT
[2026-10-03 12:12:26] 🔴 KSMUSDT: EMA20 crossed BELOW EMA200 (bearish)
1m candle 12:11 | close 5.153
https://www.mexc.com/exchange/KSM_USDT
[2026-10-03 12:12:27] 🔴 LMWRUSDT: EMA20 crossed BELOW EMA200 (bearish)
1m candle 12:10 | close 0.010536
https://www.mexc.com/exchange/LMWR_USDT
[2026-10-03 12:12:27] 🔴 LLYONUSDT: EMA20 crossed BELOW EMA200 (bearish)
1m candle 12:11 | close 1146.35
https://www.mexc.com/exchange/LLYON_USDT
[2026-10-03 12:12:27] 🟢 MANYUUSDT: EMA20 crossed ABOVE EMA200 (bullish)
1m candle 12:10 | close 4.008e-09
https://www.mexc.com/exchange/MANYU_USDT
[2026-10-03 12:12:53] 🟢 NKEONUSDT: EMA20 crossed ABOVE EMA200 (bullish)
1m candle 12:10 | close 34.75
https://www.mexc.com/exchange/NKEON_USDT
[2026-10-03 12:12:53] 🔴 NUDESUSDT: EMA20 crossed BELOW EMA200 (bearish)
1m candle 12:10 | close 0.0007318
https://www.mexc.com/exchange/NUDES_USDT
[2026-10-03 12:12:55] 🟢 PDDONUSDT: EMA20 crossed ABOVE EMA200 (bullish)
1m candle 12:10 | close 75.45
https://www.mexc.com/exchange/PDDON_USDT
[2026-10-03 12:12:55] 🔴 PDDONUSDT: EMA20 crossed BELOW EMA200 (bearish)
1m candle 12:11 | close 75.15
https://www.mexc.com/exchange/PDDON_USDT
[2026-10-03 12:13:04] 🔴 PIGUSDT: EMA20 crossed BELOW EMA200 (bearish)
1m candle 12:11 | close 1.5e-08
https://www.mexc.com/exchange/PIG_USDT
[2026-10-03 12:13:04] 🟢 PONKEUSDT: EMA20 crossed ABOVE EMA200 (bullish)
1m candle 12:11 | close 0.02416
https://www.mexc.com/exchange/PONKE_USDT
[2026-10-03 12:13:05] 🔴 QFIUSDT: EMA20 crossed BELOW EMA200 (bearish)
1m candle 12:12 | close 18.833
https://www.mexc.com/exchange/QFI_USDT
[2026-10-03 12:13:06] 🟢 REDOUSDT: EMA20 crossed ABOVE EMA200 (bullish)
1m candle 12:11 | close 0.05584
https://www.mexc.com/exchange/REDO_USDT
[2026-10-03 12:13:06] 🔴 RBNTUSDT: EMA20 crossed BELOW EMA200 (bearish)
1m candle 12:11 | close 0.002541
https://www.mexc.com/exchange/RBNT_USDT
[2026-10-03 12:13:06] 🟢 RGTIONUSDT: EMA20 crossed ABOVE EMA200 (bullish)
1m candle 12:11 | close 15.26
https://www.mexc.com/exchange/RGTION_USDT
[2026-10-03 12:13:06] 🟢 RIVNONUSDT: EMA20 crossed ABOVE EMA200 (bullish)
1m candle 12:12 | close 14.36
https://www.mexc.com/exchange/RIVNON_USDT
[2026-10-03 12:13:07] 🔴 SANDUSDT: EMA20 crossed BELOW EMA200 (bearish)
1m candle 12:11 | close 0.07745
https://www.mexc.com/exchange/SAND_USDT
[2026-10-03 12:13:07] 🟢 SCUSDT: EMA20 crossed ABOVE EMA200 (bullish)
1m candle 12:12 | close 0.0010165
https://www.mexc.com/exchange/SC_USDT
[2026-10-03 12:13:09] 🟢 SUIUSDT: EMA20 crossed ABOVE EMA200 (bullish)
1m candle 12:12 | close 1.1599
https://www.mexc.com/exchange/SUI_USDT
[2026-10-03 12:13:10] 🔴 TFUELUSDT: EMA20 crossed BELOW EMA200 (bearish)
1m candle 12:12 | close 0.010253
https://www.mexc.com/exchange/TFUEL_USDT
[2026-10-03 12:13:10] 🟢 TOKENUSDT: EMA20 crossed ABOVE EMA200 (bullish)
1m candle 12:12 | close 0.002289
https://www.mexc.com/exchange/TOKEN_USDT
[2026-10-03 12:13:23] 🟢 VISTAUSDT: EMA20 crossed ABOVE EMA200 (bullish)
1m candle 12:12 | close 0.4413
https://www.mexc.com/exchange/VISTA_USDT
[2026-10-03 12:14:03] 🟢 ABNBONUSDT: EMA20 crossed ABOVE EMA200 (bullish)
1m candle 12:13 | close 163.53
https://www.mexc.com/exchange/ABNBON_USDT
[2026-10-03 12:14:06] 🔴 ASTRUSDT: EMA20 crossed BELOW EMA200 (bearish)
1m candle 12:12 | close 0.007436
https://www.mexc.com/exchange/ASTR_USDT
[2026-10-03 12:14:06] 🔴 ASTSONUSDT: EMA20 crossed BELOW EMA200 (bearish)
1m candle 12:13 | close 58.21
https://www.mexc.com/exchange/ASTSON_USDT
[2026-10-03 12:14:06] 🔴 AVNTUSDT: EMA20 crossed BELOW EMA200 (bearish)
1m candle 12:13 | close 0.12697
https://www.mexc.com/exchange/AVNT_USDT
[2026-10-03 12:14:07] 🟢 BARUSDT: EMA20 crossed ABOVE EMA200 (bullish)
1m candle 12:13 | close 0.2805
https://www.mexc.com/exchange/BAR_USDT
[2026-10-03 12:14:07] 🟢 BEONUSDT: EMA20 crossed ABOVE EMA200 (bullish)
1m candle 12:13 | close 288.13
https://www.mexc.com/exchange/BEON_USDT
[2026-10-03 12:14:08] 🔴 BNKRUSDT: EMA20 crossed BELOW EMA200 (bearish)
1m candle 12:12 | close 0.0004111
https://www.mexc.com/exchange/BNKR_USDT
[2026-10-03 12:14:18] 🟢 CGNUSDT: EMA20 crossed ABOVE EMA200 (bullish)
1m candle 12:13 | close 0.002028
https://www.mexc.com/exchange/CGN_USDT
[2026-10-03 12:14:18] 🟢 BTSUSDT: EMA20 crossed ABOVE EMA200 (bullish)
1m candle 12:12 | close 0.001384
https://www.mexc.com/exchange/BTS_USDT
[2026-10-03 12:14:19] 🔴 CPHUSDT: EMA20 crossed BELOW EMA200 (bearish)
1m candle 12:13 | close 0.002432
https://www.mexc.com/exchange/CPH_USDT
[2026-10-03 12:14:20] 🔴 DADDYUSDT: EMA20 crossed BELOW EMA200 (bearish)
1m candle 12:13 | close 0.008018
https://www.mexc.com/exchange/DADDY_USDT
[2026-10-03 12:14:20] 🟢 CVXUSDT: EMA20 crossed ABOVE EMA200 (bullish)
1m candle 12:12 | close 2.292
https://www.mexc.com/exchange/CVX_USDT
[2026-10-03 12:14:20] 🔴 DEXEUSDT: EMA20 crossed BELOW EMA200 (bearish)
1m candle 12:12 | close 1.9
https://www.mexc.com/exchange/DEXE_USDT
[2026-10-03 12:14:21] 🟢 DMTRUSDT: EMA20 crossed ABOVE EMA200 (bullish)
1m candle 12:13 | close 0.008178
https://www.mexc.com/exchange/DMTR_USDT
[2026-10-03 12:14:21] 🔴 DRAMONUSDT: EMA20 crossed BELOW EMA200 (bearish)
1m candle 12:13 | close 61.42
https://www.mexc.com/exchange/DRAMON_USDT
[2026-10-03 12:14:21] 🟢 DOTUSDT: EMA20 crossed ABOVE EMA200 (bullish)
1m candle 12:13 | close 1.1549
https://www.mexc.com/exchange/DOT_USDT
[2026-10-03 12:14:22] 🔴 ENPHONUSDT: EMA20 crossed BELOW EMA200 (bearish)
1m candle 12:13 | close 33.53
https://www.mexc.com/exchange/ENPHON_USDT
[2026-10-03 12:14:22] 🟢 ELFUSDT: EMA20 crossed ABOVE EMA200 (bullish)
1m candle 12:12 | close 0.07645
https://www.mexc.com/exchange/ELF_USDT
[2026-10-03 12:14:34] Scanner started.
[2026-10-03 12:15:04] 🟢 ABNBONUSDT: EMA20 crossed ABOVE EMA200 (bullish)
1m candle 12:13 | close 163.53
https://www.mexc.com/exchange/ABNBON_USDT
[2026-10-03 12:15:07] 🟢 ARCSOLUSDT: EMA20 crossed ABOVE EMA200 (bullish)
1m candle 12:14 | close 0.06966
https://www.mexc.com/exchange/ARCSOL_USDT
[2026-10-03 12:15:08] 🔴 ASTSONUSDT: EMA20 crossed BELOW EMA200 (bearish)
1m candle 12:13 | close 58.21
https://www.mexc.com/exchange/ASTSON_USDT
[2026-10-03 12:15:08] 🔴 AVNTUSDT: EMA20 crossed BELOW EMA200 (bearish)
1m candle 12:13 | close 0.12697
https://www.mexc.com/exchange/AVNT_USDT
[2026-10-03 12:15:09] 🟢 BARUSDT: EMA20 crossed ABOVE EMA200 (bullish)
1m candle 12:13 | close 0.2805
https://www.mexc.com/exchange/BAR_USDT
[2026-10-03 12:15:10] 🟢 BEONUSDT: EMA20 crossed ABOVE EMA200 (bullish)
1m candle 12:13 | close 288.13
https://www.mexc.com/exchange/BEON_USDT
[2026-10-03 12:15:10] 🟢 BERTUSDT: EMA20 crossed ABOVE EMA200 (bullish)
1m candle 12:14 | close 0.014444
https://www.mexc.com/exchange/BERT_USDT
[2026-10-03 12:15:10] 🔴 BIDUONUSDT: EMA20 crossed BELOW EMA200 (bearish)
1m candle 12:14 | close 83.98
https://www.mexc.com/exchange/BIDUON_USDT
[2026-10-03 12:15:13] 🟢 CGNUSDT: EMA20 crossed ABOVE EMA200 (bullish)
1m candle 12:13 | close 0.002028
https://www.mexc.com/exchange/CGN_USDT
[2026-10-03 12:15:14] 🟢 CORZONUSDT: EMA20 crossed ABOVE EMA200 (bullish)
1m candle 12:14 | close 16.35
https://www.mexc.com/exchange/CORZON_USDT
[2026-10-03 12:15:15] 🔴 CPHUSDT: EMA20 crossed BELOW EMA200 (bearish)
1m candle 12:13 | close 0.002432
https://www.mexc.com/exchange/CPH_USDT
[2026-10-03 12:15:16] 🔴 DADDYUSDT: EMA20 crossed BELOW EMA200 (bearish)
1m candle 12:13 | close 0.008018
https://www.mexc.com/exchange/DADDY_USDT
[2026-10-03 12:15:16] 🟢 DMTRUSDT: EMA20 crossed ABOVE EMA200 (bullish)
1m candle 12:13 | close 0.008178
https://www.mexc.com/exchange/DMTR_USDT
[2026-10-03 12:15:17] 🔴 DMTRUSDT: EMA20 crossed BELOW EMA200 (bearish)
1m candle 12:14 | close 0.008164
https://www.mexc.com/exchange/DMTR_USDT
[2026-10-03 12:15:17] 🟢 DOTUSDT: EMA20 crossed ABOVE EMA200 (bullish)
1m candle 12:13 | close 1.1549
https://www.mexc.com/exchange/DOT_USDT
[2026-10-03 12:15:17] 🔴 DRAMONUSDT: EMA20 crossed BELOW EMA200 (bearish)
1m candle 12:13 | close 61.42
https://www.mexc.com/exchange/DRAMON_USDT
[2026-10-03 12:15:19] 🔴 ENPHONUSDT: EMA20 crossed BELOW EMA200 (bearish)
1m candle 12:13 | close 33.53
https://www.mexc.com/exchange/ENPHON_USDT
[2026-10-03 12:15:19] 🟢 ENPHONUSDT: EMA20 crossed ABOVE EMA200 (bullish)
1m candle 12:14 | close 33.58
https://www.mexc.com/exchange/ENPHON_USDT
[2026-10-03 12:15:20] 🟢 FONEUSDT: EMA20 crossed ABOVE EMA200 (bullish)
1m candle 12:14 | close 0.004708
https://www.mexc.com/exchange/FONE_USDT
[2026-10-03 12:15:22] 🔴 GLDONUSDT: EMA20 crossed BELOW EMA200 (bearish)
1m candle 12:13 | close 379.83
https://www.mexc.com/exchange/GLDON_USDT
[2026-10-03 12:15:25] 🟢 INTERUSDT: EMA20 crossed ABOVE EMA200 (bullish)
1m candle 12:13 | close 0.2041
https://www.mexc.com/exchange/INTER_USDT
[2026-10-03 12:15:25] 🔴 JDONUSDT: EMA20 crossed BELOW EMA200 (bearish)
1m candle 12:14 | close 26.66
https://www.mexc.com/exchange/JDON_USDT
[2026-10-03 12:15:25] 🟢 JDONUSDT: EMA20 crossed ABOVE EMA200 (bullish)
1m candle 12:13 | close 26.7
https://www.mexc.com/exchange/JDON_USDT
[2026-10-03 12:15:25] 🔴 JIMOTHYUSDT: EMA20 crossed BELOW EMA200 (bearish)
1m candle 12:13 | close 0.003827
https://www.mexc.com/exchange/JIMOTHY_USDT
[2026-10-03 12:15:26] 🔴 JUVUSDT: EMA20 crossed BELOW EMA200 (bearish)
1m candle 12:13 | close 0.3266
https://www.mexc.com/exchange/JUV_USDT
[2026-10-03 12:15:29] 🟢 MANTRAUSDT: EMA20 crossed ABOVE EMA200 (bullish)
1m candle 12:14 | close 0.004533
https://www.mexc.com/exchange/MANTRA_USDT
[2026-10-03 12:15:29] 🔴 MARAONUSDT: EMA20 crossed BELOW EMA200 (bearish)
1m candle 12:14 | close 11.28
https://www.mexc.com/exchange/MARAON_USDT
[2026-10-03 12:15:30] 🟢 MPONUSDT: EMA20 crossed ABOVE EMA200 (bullish)
1m candle 12:14 | close 47.08
https://www.mexc.com/exchange/MPON_USDT
[2026-10-03 12:15:30] 🟢 MRVLONUSDT: EMA20 crossed ABOVE EMA200 (bullish)
1m candle 12:13 | close 273.15
https://www.mexc.com/exchange/MRVLON_USDT
[2026-10-03 12:15:34] 🔴 ONDSONUSDT: EMA20 crossed BELOW EMA200 (bearish)
1m candle 12:14 | close 7.242
https://www.mexc.com/exchange/ONDSON_USDT
[2026-10-03 12:15:34] 🟢 OKMUSDT: EMA20 crossed ABOVE EMA200 (bullish)
1m candle 12:14 | close 1.7577e-05
https://www.mexc.com/exchange/OKM_USDT
[2026-10-03 12:15:36] 🔴 PLEARNUSDT: EMA20 crossed BELOW EMA200 (bearish)
1m candle 12:13 | close 0.00328
https://www.mexc.com/exchange/PLEARN_USDT
[2026-10-03 12:15:38] 🟢 QKCUSDT: EMA20 crossed ABOVE EMA200 (bullish)
1m candle 12:13 | close 0.00278
https://www.mexc.com/exchange/QKC_USDT
[2026-10-03 12:15:38] 🟢 QFIUSDT: EMA20 crossed ABOVE EMA200 (bullish)
1m candle 12:13 | close 18.854
https://www.mexc.com/exchange/QFI_USDT
[2026-10-03 12:15:38] 🔴 REDOUSDT: EMA20 crossed BELOW EMA200 (bearish)
1m candle 12:13 | close 0.05561
https://www.mexc.com/exchange/REDO_USDT
[2026-10-03 12:15:39] 🔴 RGTIONUSDT: EMA20 crossed BELOW EMA200 (bearish)
1m candle 12:13 | close 15.24
https://www.mexc.com/exchange/RGTION_USDT
[2026-10-03 12:15:39] 🔴 RICEUSDT: EMA20 crossed BELOW EMA200 (bearish)
1m candle 12:13 | close 0.007081
https://www.mexc.com/exchange/RICE_USDT
[2026-10-03 12:15:40] 🔴 SCCPUSDT: EMA20 crossed BELOW EMA200 (bearish)
1m candle 12:13 | close 0.0125
https://www.mexc.com/exchange/SCCP_USDT
[2026-10-03 12:15:42] 🔴 SNDKONUSDT: EMA20 crossed BELOW EMA200 (bearish)
1m candle 12:14 | close 1719.3
https://www.mexc.com/exchange/SNDKON_USDT
[2026-10-03 12:15:42] 🟢 SOUNONUSDT: EMA20 crossed ABOVE EMA200 (bullish)
1m candle 12:14 | close 5.868
https://www.mexc.com/exchange/SOUNON_USDT
[2026-10-03 12:15:47] 🟢 UBERONUSDT: EMA20 crossed ABOVE EMA200 (bullish)
1m candle 12:13 | close 68.18
https://www.mexc.com/exchange/UBERON_USDT
[2026-10-03 12:15:47] 🔴 URAONUSDT: EMA20 crossed BELOW EMA200 (bearish)
1m candle 12:13 | close 40.06
https://www.mexc.com/exchange/URAON_USDT
[2026-10-03 12:15:47] 🟢 URAONUSDT: EMA20 crossed ABOVE EMA200 (bullish)
1m candle 12:14 | close 40.15
https://www.mexc.com/exchange/URAON_USDT
[2026-10-03 12:15:47] 🔴 USARONUSDT: EMA20 crossed BELOW EMA200 (bearish)
1m candle 12:14 | close 13.66
https://www.mexc.com/exchange/USARON_USDT
[2026-10-03 12:15:47] 🔴 USDUSDT: EMA20 crossed BELOW EMA200 (bearish)
1m candle 12:14 | close 1.0002
https://www.mexc.com/exchange/USD_USDT
[2026-10-03 12:15:48] 🔴 UUSDT: EMA20 crossed BELOW EMA200 (bearish)
1m candle 12:13 | close 0.9993
https://www.mexc.com/exchange/U_USDT
[2026-10-03 12:15:48] 🔴 VANAUSDT: EMA20 crossed BELOW EMA200 (bearish)
1m candle 12:13 | close 1.0808
https://www.mexc.com/exchange/VANA_USDT
[2026-10-03 12:15:49] 🟢 XAVAUSDT: EMA20 crossed ABOVE EMA200 (bullish)
1m candle 12:14 | close 0.1525
https://www.mexc.com/exchange/XAVA_USDT
[2026-10-03 12:16:08] 🟢 AXTIONUSDT: EMA20 crossed ABOVE EMA200 (bullish)
1m candle 12:15 | close 86.21
https://www.mexc.com/exchange/AXTION_USDT
[2026-10-03 12:16:08] 🔴 BARUSDT: EMA20 crossed BELOW EMA200 (bearish)
1m candle 12:15 | close 0.2803
https://www.mexc.com/exchange/BAR_USDT
[2026-10-03 12:16:09] 🔴 BDXUSDT: EMA20 crossed BELOW EMA200 (bearish)
1m candle 12:15 | close 0.07271
https://www.mexc.com/exchange/BDX_USDT
[2026-10-03 12:16:14] 🟢 CRCLONUSDT: EMA20 crossed ABOVE EMA200 (bullish)
1m candle 12:15 | close 81.74
https://www.mexc.com/exchange/CRCLON_USDT
[2026-10-03 12:16:17] 🔴 ENPHONUSDT: EMA20 crossed BELOW EMA200 (bearish)
1m candle 12:15 | close 33.53
https://www.mexc.com/exchange/ENPHON_USDT
[2026-10-03 12:16:18] 🔴 FCXONUSDT: EMA20 crossed BELOW EMA200 (bearish)
1m candle 12:15 | close 71.79
https://www.mexc.com/exchange/FCXON_USDT
[2026-10-03 12:16:22] 🔴 INJUSDT: EMA20 crossed BELOW EMA200 (bearish)
1m candle 12:15 | close 7.687
https://www.mexc.com/exchange/INJ_USDT
[2026-10-03 12:16:29] 🔴 MXNUSDT: EMA20 crossed BELOW EMA200 (bearish)
1m candle 12:15 | close 0.05628
https://www.mexc.com/exchange/MXN_USDT
[2026-10-03 12:16:31] 🟢 ONDSONUSDT: EMA20 crossed ABOVE EMA200 (bullish)
1m candle 12:15 | close 7.269
https://www.mexc.com/exchange/ONDSON_USDT
[2026-10-03 12:16:32] 🟢 PDDONUSDT: EMA20 crossed ABOVE EMA200 (bullish)
1m candle 12:15 | close 75.39
https://www.mexc.com/exchange/PDDON_USDT
[2026-10-03 12:16:34] 🔴 PUMPBTCUSDT: EMA20 crossed BELOW EMA200 (bearish)
1m candle 12:15 | close 0.008366
https://www.mexc.com/exchange/PUMPBTC_USDT
[2026-10-03 12:16:35] 🟢 QCOMONUSDT: EMA20 crossed ABOVE EMA200 (bullish)
1m candle 12:15 | close 188.89
https://www.mexc.com/exchange/QCOMON_USDT
[2026-10-03 12:16:38] 🟢 SBETONUSDT: EMA20 crossed ABOVE EMA200 (bullish)
1m candle 12:15 | close 9.372
https://www.mexc.com/exchange/SBETON_USDT
[2026-10-03 12:16:39] 🔴 SOUNONUSDT: EMA20 crossed BELOW EMA200 (bearish)
1m candle 12:15 | close 5.848
https://www.mexc.com/exchange/SOUNON_USDT
[2026-10-03 12:16:39] 🔴 SOXSONUSDT: EMA20 crossed BELOW EMA200 (bearish)
1m candle 12:15 | close 3.018
https://www.mexc.com/exchange/SOXSON_USDT
[2026-10-03 12:16:43] 🔴 TRUTHUSDT: EMA20 crossed BELOW EMA200 (bearish)
1m candle 12:15 | close 0.014535
https://www.mexc.com/exchange/TRUTH_USDT
[2026-10-03 12:16:44] 🟢 USARONUSDT: EMA20 crossed ABOVE EMA200 (bullish)
1m candle 12:15 | close 13.68
https://www.mexc.com/exchange/USARON_USDT
[2026-10-03 12:16:48] 🔴 XVGUSDT: EMA20 crossed BELOW EMA200 (bearish)
1m candle 12:15 | close 0.003144
https://www.mexc.com/exchange/XVG_USDT
[2026-10-03 12:16:48] 🟢 ZESTUSDT: EMA20 crossed ABOVE EMA200 (bullish)
1m candle 12:15 | close 0.19511
https://www.mexc.com/exchange/ZEST_USDT
[2026-10-03 12:17:03] 🔴 ACHRONUSDT: EMA20 crossed BELOW EMA200 (bearish)
1m candle 12:16 | close 4.903
https://www.mexc.com/exchange/ACHRON_USDT
[2026-10-03 12:17:05] 🟢 ANTFUNUSDT: EMA20 crossed ABOVE EMA200 (bullish)
1m candle 12:16 | close 0.013544
https://www.mexc.com/exchange/ANTFUN_USDT
[2026-10-03 12:17:06] 🔴 ARCSOLUSDT: EMA20 crossed BELOW EMA200 (bearish)
1m candle 12:16 | close 0.06949
https://www.mexc.com/exchange/ARCSOL_USDT
[2026-10-03 12:17:10] 🔴 BRLUSDT: EMA20 crossed BELOW EMA200 (bearish)
1m candle 12:16 | close 0.1908
https://www.mexc.com/exchange/BRL_USDT
[2026-10-03 12:17:11] 🔴 BUILDUSDT: EMA20 crossed BELOW EMA200 (bearish)
1m candle 12:16 | close 0.0002774
https://www.mexc.com/exchange/BUILD_USDT
[2026-10-03 12:17:13] 🔴 COWUSDT: EMA20 crossed BELOW EMA200 (bearish)
1m candle 12:16 | close 0.1618
https://www.mexc.com/exchange/COW_USDT
[2026-10-03 12:17:15] 🟢 DGAIUSDT: EMA20 crossed ABOVE EMA200 (bullish)
1m candle 12:16 | close 0.9157
https://www.mexc.com/exchange/DGAI_USDT
[2026-10-03 12:17:17] 🔴 EVAAUSDT: EMA20 crossed BELOW EMA200 (bearish)
1m candle 12:16 | close 0.7529
https://www.mexc.com/exchange/EVAA_USDT
[2026-10-03 12:17:21] 🟢 HIMSONUSDT: EMA20 crossed ABOVE EMA200 (bullish)
1m candle 12:16 | close 29.05
https://www.mexc.com/exchange/HIMSON_USDT
[2026-10-03 12:17:29] 🟢 MXLONUSDT: EMA20 crossed ABOVE EMA200 (bullish)
1m candle 12:16 | close 106.35
https://www.mexc.com/exchange/MXLON_USDT
[2026-10-03 12:17:29] 🟢 NBISONUSDT: EMA20 crossed ABOVE EMA200 (bullish)
1m candle 12:16 | close 241.05
https://www.mexc.com/exchange/NBISON_USDT
[2026-10-03 12:17:30] 🟢 NILUSDT: EMA20 crossed ABOVE EMA200 (bullish)
1m candle 12:16 | close 0.08367
https://www.mexc.com/exchange/NIL_USDT
[2026-10-03 12:17:31] 🔴 ONDSONUSDT: EMA20 crossed BELOW EMA200 (bearish)
1m candle 12:16 | close 7.254
https://www.mexc.com/exchange/ONDSON_USDT
[2026-10-03 12:17:32] 🔴 PBRONUSDT: EMA20 crossed BELOW EMA200 (bearish)
1m candle 12:16 | close 22.62
https://www.mexc.com/exchange/PBRON_USDT
[2026-10-03 12:17:34] 🟢 PYPLONUSDT: EMA20 crossed ABOVE EMA200 (bullish)
1m candle 12:16 | close 53.69
https://www.mexc.com/exchange/PYPLON_USDT
[2026-10-03 12:17:35] 🔴 RADUSDT: EMA20 crossed BELOW EMA200 (bearish)
1m candle 12:16 | close 0.2565
https://www.mexc.com/exchange/RAD_USDT
[2026-10-03 12:17:37] 🟢 RKLBONUSDT: EMA20 crossed ABOVE EMA200 (bullish)
1m candle 12:16 | close 74.0
https://www.mexc.com/exchange/RKLBON_USDT
[2026-10-03 12:17:39] 🟢 SLVONUSDT: EMA20 crossed ABOVE EMA200 (bullish)
1m candle 12:16 | close 54.86
https://www.mexc.com/exchange/SLVON_USDT
[2026-10-03 12:17:40] 🟢 SOUNONUSDT: EMA20 crossed ABOVE EMA200 (bullish)
1m candle 12:16 | close 5.867
https://www.mexc.com/exchange/SOUNON_USDT
[2026-10-03 12:17:44] 🔴 TORNUSDT: EMA20 crossed BELOW EMA200 (bearish)
1m candle 12:16 | close 6.917
https://www.mexc.com/exchange/TORN_USDT
[2026-10-03 12:17:44] 🔴 TOKENUSDT: EMA20 crossed BELOW EMA200 (bearish)
1m candle 12:16 | close 0.002282
https://www.mexc.com/exchange/TOKEN_USDT
[2026-10-03 12:17:46] 🔴 UNIUSDT: EMA20 crossed BELOW EMA200 (bearish)
1m candle 12:16 | close 9.142
https://www.mexc.com/exchange/UNI_USDT
[2026-10-03 12:17:46] 🔴 USARONUSDT: EMA20 crossed BELOW EMA200 (bearish)
1m candle 12:16 | close 13.66
https://www.mexc.com/exchange/USARON_USDT
[2026-10-03 12:18:03] 🟢 ACHRONUSDT: EMA20 crossed ABOVE EMA200 (bullish)
1m candle 12:17 | close 4.912
https://www.mexc.com/exchange/ACHRON_USDT
[2026-10-03 12:18:07] 🔴 ATOMUSDT: EMA20 crossed BELOW EMA200 (bearish)
1m candle 12:17 | close 1.675
https://www.mexc.com/exchange/ATOM_USDT
[2026-10-03 12:18:07] 🔴 AURASOLUSDT: EMA20 crossed BELOW EMA200 (bearish)
1m candle 12:17 | close 0.008748
https://www.mexc.com/exchange/AURASOL_USDT
[2026-10-03 12:18:09] 🔴 BEATUSDT: EMA20 crossed BELOW EMA200 (bearish)
1m candle 12:17 | close 0.08633
https://www.mexc.com/exchange/BEAT_USDT
[2026-10-03 12:18:09] 🟢 BISCOTTIUSDT: EMA20 crossed ABOVE EMA200 (bullish)
1m candle 12:17 | close 0.001883
https://www.mexc.com/exchange/BISCOTTI_USDT
[2026-10-03 12:18:11] 🟢 BRLUSDT: EMA20 crossed ABOVE EMA200 (bullish)
1m candle 12:17 | close 0.1909
https://www.mexc.com/exchange/BRL_USDT
[2026-10-03 12:18:13] 🔴 CLANKERUSDT: EMA20 crossed BELOW EMA200 (bearish)
1m candle 12:17 | close 14.26
https://www.mexc.com/exchange/CLANKER_USDT
[2026-10-03 12:18:13] 🔴 CORZONUSDT: EMA20 crossed BELOW EMA200 (bearish)
1m candle 12:17 | close 16.33
https://www.mexc.com/exchange/CORZON_USDT
[2026-10-03 12:18:19] 🟢 FUNTOKENUSDT: EMA20 crossed ABOVE EMA200 (bullish)
1m candle 12:17 | close 0.008414
https://www.mexc.com/exchange/FUNTOKEN_USDT
[2026-10-03 12:18:20] 🟢 GMEROBINHOODUSDT: EMA20 crossed ABOVE EMA200 (bullish)
1m candle 12:17 | close 1.0059e-05
https://www.mexc.com/exchange/GMEROBINHOOD_USDT
[2026-10-03 12:18:21] 🔴 HIMSONUSDT: EMA20 crossed BELOW EMA200 (bearish)
1m candle 12:17 | close 29.0
https://www.mexc.com/exchange/HIMSON_USDT
[2026-10-03 12:18:23] 🔴 JASMYUSDT: EMA20 crossed BELOW EMA200 (bearish)
1m candle 12:17 | close 0.005259
https://www.mexc.com/exchange/JASMY_USDT
[2026-10-03 12:18:26] 🟢 MARAONUSDT: EMA20 crossed ABOVE EMA200 (bullish)
1m candle 12:17 | close 11.31
https://www.mexc.com/exchange/MARAON_USDT
[2026-10-03 12:18:30] 🔴 NYMUSDT: EMA20 crossed BELOW EMA200 (bearish)
1m candle 12:17 | close 0.02644
https://www.mexc.com/exchange/NYM_USDT
[2026-10-03 12:18:31] 🟢 ONDSONUSDT: EMA20 crossed ABOVE EMA200 (bullish)
1m candle 12:17 | close 7.269
https://www.mexc.com/exchange/ONDSON_USDT
[2026-10-03 12:18:33] 🟢 PIGUSDT: EMA20 crossed ABOVE EMA200 (bullish)
1m candle 12:17 | close 1.505e-08
https://www.mexc.com/exchange/PIG_USDT
[2026-10-03 12:18:33] 🔴 PONKEUSDT: EMA20 crossed BELOW EMA200 (bearish)
1m candle 12:17 | close 0.02395
https://www.mexc.com/exchange/PONKE_USDT
[2026-10-03 12:18:34] 🔴 PYPLONUSDT: EMA20 crossed BELOW EMA200 (bearish)
1m candle 12:17 | close 53.5
https://www.mexc.com/exchange/PYPLON_USDT
[2026-10-03 12:18:36] 🔴 RIONUSDT: EMA20 crossed BELOW EMA200 (bearish)
1m candle 12:17 | close 0.1528
https://www.mexc.com/exchange/RION_USDT
[2026-10-03 12:18:39] 🔴 SOUNONUSDT: EMA20 crossed BELOW EMA200 (bearish)
1m candle 12:17 | close 5.855
https://www.mexc.com/exchange/SOUNON_USDT
[2026-10-03 12:18:41] 🔴 STORJUSDT: EMA20 crossed BELOW EMA200 (bearish)
1m candle 12:17 | close 0.03033
https://www.mexc.com/exchange/STORJ_USDT
[2026-10-03 12:18:42] 🟢 TFUELUSDT: EMA20 crossed ABOVE EMA200 (bullish)
1m candle 12:17 | close 0.010278
https://www.mexc.com/exchange/TFUEL_USDT
[2026-10-03 12:18:45] 🔴 VISTAUSDT: EMA20 crossed BELOW EMA200 (bearish)
1m candle 12:17 | close 0.439
https://www.mexc.com/exchange/VISTA_USDT
[2026-10-03 12:18:45] 🔴 VPRUSDT: EMA20 crossed BELOW EMA200 (bearish)
1m candle 12:17 | close 0.0004996
https://www.mexc.com/exchange/VPR_USDT
[2026-10-03 12:18:46] 🔴 WKCUSDT: EMA20 crossed BELOW EMA200 (bearish)
1m candle 12:17 | close 6.088e-08
https://www.mexc.com/exchange/WKC_USDT
[2026-10-03 12:18:46] 🔴 WOOUSDT: EMA20 crossed BELOW EMA200 (bearish)
1m candle 12:17 | close 0.01394
https://www.mexc.com/exchange/WOO_USDT
[2026-10-03 12:19:03] 🔴 ABNBONUSDT: EMA20 crossed BELOW EMA200 (bearish)
1m candle 12:18 | close 163.21
https://www.mexc.com/exchange/ABNBON_USDT
[2026-10-03 12:19:06] 🟢 ARCSOLUSDT: EMA20 crossed ABOVE EMA200 (bullish)
1m candle 12:18 | close 0.06959
https://www.mexc.com/exchange/ARCSOL_USDT
[2026-10-03 12:19:06] 🔴 ARTYUSDT: EMA20 crossed BELOW EMA200 (bearish)
1m candle 12:18 | close 0.010251
https://www.mexc.com/exchange/ARTY_USDT
[2026-10-03 12:19:07] 🟢 ASTSONUSDT: EMA20 crossed ABOVE EMA200 (bullish)
1m candle 12:18 | close 58.32
https://www.mexc.com/exchange/ASTSON_USDT
[2026-10-03 12:19:13] 🟢 CORZONUSDT: EMA20 crossed ABOVE EMA200 (bullish)
1m candle 12:18 | close 16.35
https://www.mexc.com/exchange/CORZON_USDT
[2026-10-03 12:19:16] 🔴 DMTRUSDT: EMA20 crossed BELOW EMA200 (bearish)
1m candle 12:18 | close 0.008159
https://www.mexc.com/exchange/DMTR_USDT
[2026-10-03 12:19:21] 🔴 FWOGUSDT: EMA20 crossed BELOW EMA200 (bearish)
1m candle 12:18 | close 0.006274
https://www.mexc.com/exchange/FWOG_USDT
[2026-10-03 12:19:23] 🟢 HIMSONUSDT: EMA20 crossed ABOVE EMA200 (bullish)
1m candle 12:18 | close 29.05
https://www.mexc.com/exchange/HIMSON_USDT
[2026-10-03 12:19:25] 🔴 IONQONUSDT: EMA20 crossed BELOW EMA200 (bearish)
1m candle 12:18 | close 43.62
https://www.mexc.com/exchange/IONQON_USDT
[2026-10-03 12:19:26] 🟢 JUPUSDT: EMA20 crossed ABOVE EMA200 (bullish)
1m candle 12:18 | close 0.3154
https://www.mexc.com/exchange/JUP_USDT
[2026-10-03 12:19:29] 🔴 METAONUSDT: EMA20 crossed BELOW EMA200 (bearish)
1m candle 12:18 | close 729.38
https://www.mexc.com/exchange/METAON_USDT
[2026-10-03 12:19:31] 🟢 NATGUSDT: EMA20 crossed ABOVE EMA200 (bullish)
1m candle 12:18 | close 2265.5
https://www.mexc.com/exchange/NATG_USDT
[2026-10-03 12:19:33] 🔴 NOWONUSDT: EMA20 crossed BELOW EMA200 (bearish)
1m candle 12:18 | close 672.85
https://www.mexc.com/exchange/NOWON_USDT
[2026-10-03 12:19:33] 🟢 OKLOONUSDT: EMA20 crossed ABOVE EMA200 (bullish)
1m candle 12:18 | close 35.91
https://www.mexc.com/exchange/OKLOON_USDT
[2026-10-03 12:19:36] 🟢 PLEARNUSDT: EMA20 crossed ABOVE EMA200 (bullish)
1m candle 12:18 | close 0.003281
https://www.mexc.com/exchange/PLEARN_USDT
[2026-10-03 12:19:39] 🟢 RGTIONUSDT: EMA20 crossed ABOVE EMA200 (bullish)
1m candle 12:18 | close 15.26
https://www.mexc.com/exchange/RGTION_USDT
[2026-10-03 12:19:42] 🟢 SOUNONUSDT: EMA20 crossed ABOVE EMA200 (bullish)
1m candle 12:18 | close 5.863
https://www.mexc.com/exchange/SOUNON_USDT
[2026-10-03 12:19:45] 🔴 TINAUSDT: EMA20 crossed BELOW EMA200 (bearish)
1m candle 12:18 | close 0.001915
https://www.mexc.com/exchange/TINA_USDT
[2026-10-03 12:19:45] 🟢 TOKENUSDT: EMA20 crossed ABOVE EMA200 (bullish)
1m candle 12:18 | close 0.002289
https://www.mexc.com/exchange/TOKEN_USDT
[2026-10-03 12:19:47] 🟢 UNIUSDT: EMA20 crossed ABOVE EMA200 (bullish)
1m candle 12:18 | close 9.151
https://www.mexc.com/exchange/UNI_USDT
[2026-10-03 12:19:47] 🟢 USDUSDT: EMA20 crossed ABOVE EMA200 (bullish)
1m candle 12:18 | close 1.0004
https://www.mexc.com/exchange/USD_USDT
[2026-10-03 12:19:50] 🔴 XTZUSDT: EMA20 crossed BELOW EMA200 (bearish)
1m candle 12:18 | close 0.3182
https://www.mexc.com/exchange/XTZ_USDT
[2026-10-03 12:20:06] 🔴 APEXUSDT: EMA20 crossed BELOW EMA200 (bearish)
1m candle 12:19 | close 0.241
https://www.mexc.com/exchange/APEX_USDT
[2026-10-03 12:20:07] 🔴 ASTSONUSDT: EMA20 crossed BELOW EMA200 (bearish)
1m candle 12:19 | close 58.22
https://www.mexc.com/exchange/ASTSON_USDT
[2026-10-03 12:20:08] 🟢 AZTECUSDT: EMA20 crossed ABOVE EMA200 (bullish)
1m candle 12:19 | close 0.01715
https://www.mexc.com/exchange/AZTEC_USDT
[2026-10-03 12:20:08] 🟢 BACONUSDT: EMA20 crossed ABOVE EMA200 (bullish)
1m candle 12:19 | close 54.84
https://www.mexc.com/exchange/BACON_USDT
[2026-10-03 12:20:09] 🟢 BENUSDT: EMA20 crossed ABOVE EMA200 (bullish)
1m candle 12:19 | close 0.0005325
https://www.mexc.com/exchange/BEN_USDT
[2026-10-03 12:20:11] 🟢 BTTUSDT: EMA20 crossed ABOVE EMA200 (bullish)
1m candle 12:19 | close 3.753e-07
https://www.mexc.com/exchange/BTT_USDT
[2026-10-03 12:20:12] 🔴 CELOUSDT: EMA20 crossed BELOW EMA200 (bearish)
1m candle 12:19 | close 0.1016
https://www.mexc.com/exchange/CELO_USDT
[2026-10-03 12:20:13] 🟢 CMGONUSDT: EMA20 crossed ABOVE EMA200 (bullish)
1m candle 12:19 | close 32.36
https://www.mexc.com/exchange/CMGON_USDT
[2026-10-03 12:20:13] 🟢 COPXONUSDT: EMA20 crossed ABOVE EMA200 (bullish)
1m candle 12:19 | close 86.19
https://www.mexc.com/exchange/COPXON_USDT
[2026-10-03 12:20:13] 🔴 CORZONUSDT: EMA20 crossed BELOW EMA200 (bearish)
1m candle 12:19 | close 16.33
https://www.mexc.com/exchange/CORZON_USDT
[2026-10-03 12:20:16] 🔴 DOODUSDT: EMA20 crossed BELOW EMA200 (bearish)
1m candle 12:19 | close 0.001739
https://www.mexc.com/exchange/DOOD_USDT
[2026-10-03 12:20:29] 🟢 MXNUSDT: EMA20 crossed ABOVE EMA200 (bullish)
1m candle 12:19 | close 0.05652
https://www.mexc.com/exchange/MXN_USDT
[2026-10-03 12:20:31] 🔴 OKLOONUSDT: EMA20 crossed BELOW EMA200 (bearish)
1m candle 12:19 | close 35.86
https://www.mexc.com/exchange/OKLOON_USDT
[2026-10-03 12:20:32] 🟢 OWLUSDT: EMA20 crossed ABOVE EMA200 (bullish)
1m candle 12:19 | close 0.0016185
https://www.mexc.com/exchange/OWL_USDT
[2026-10-03 12:20:34] 🔴 QCOMONUSDT: EMA20 crossed BELOW EMA200 (bearish)
1m candle 12:19 | close 188.66
https://www.mexc.com/exchange/QCOMON_USDT
[2026-10-03 12:20:34] 🔴 PYBOBOUSDT: EMA20 crossed BELOW EMA200 (bearish)
1m candle 12:19 | close 0.0005938
https://www.mexc.com/exchange/PYBOBO_USDT
[2026-10-03 12:20:36] 🔴 RGTIONUSDT: EMA20 crossed BELOW EMA200 (bearish)
1m candle 12:19 | close 15.24
https://www.mexc.com/exchange/RGTION_USDT
[2026-10-03 12:20:36] 🟢 RHEAUSDT: EMA20 crossed ABOVE EMA200 (bullish)
1m candle 12:19 | close 0.078963
https://www.mexc.com/exchange/RHEA_USDT
[2026-10-03 12:20:36] 🟢 RIONUSDT: EMA20 crossed ABOVE EMA200 (bullish)
1m candle 12:19 | close 0.1531
https://www.mexc.com/exchange/RION_USDT
[2026-10-03 12:20:36] 🔴 RIVERUSDT: EMA20 crossed BELOW EMA200 (bearish)
1m candle 12:19 | close 1.2199
https://www.mexc.com/exchange/RIVER_USDT
[2026-10-03 12:20:37] 🔴 SAGAUSDT: EMA20 crossed BELOW EMA200 (bearish)
1m candle 12:19 | close 0.02245
https://www.mexc.com/exchange/SAGA_USDT
[2026-10-03 12:20:47] 🟢 XCXUSDT: EMA20 crossed ABOVE EMA200 (bullish)
1m candle 12:19 | close 0.0031478
https://www.mexc.com/exchange/XCX_USDT
[2026-10-03 12:20:49] 🟢 ZKJUSDT: EMA20 crossed ABOVE EMA200 (bullish)
1m candle 12:19 | close 0.006224
https://www.mexc.com/exchange/ZKJ_USDT
[2026-10-03 12:21:03] Scanner started.
[2026-10-03 12:21:35] Scanner started.
[2026-10-03 12:22:05] 🟢 ADIUSDT: EMA20 crossed ABOVE EMA200 (bullish)
1m candle 12:20 | close 8.127
https://www.mexc.com/exchange/ADI_USDT
[2026-10-03 12:22:10] 🟢 BLENDUSDT: EMA20 crossed ABOVE EMA200 (bullish)
1m candle 12:20 | close 0.06559
https://www.mexc.com/exchange/BLEND_USDT
[2026-10-03 12:22:15] 🟢 DEPUSDT: EMA20 crossed ABOVE EMA200 (bullish)
1m candle 12:20 | close 0.0009651
https://www.mexc.com/exchange/DEP_USDT
[2026-10-03 12:22:26] 🟢 MYROUSDT: EMA20 crossed ABOVE EMA200 (bullish)
1m candle 12:20 | close 0.002266
https://www.mexc.com/exchange/MYRO_USDT
[2026-10-03 12:22:26] 🟢 NAPUSDT: EMA20 crossed ABOVE EMA200 (bullish)
1m candle 12:20 | close 0.2109
https://www.mexc.com/exchange/NAP_USDT
[2026-10-03 12:22:29] 🟢 PEPECOINUSDT: EMA20 crossed ABOVE EMA200 (bullish)
1m candle 12:20 | close 0.16053
https://www.mexc.com/exchange/PEPECOIN_USDT
[2026-10-03 12:22:29] 🟢 PIGUSDT: EMA20 crossed ABOVE EMA200 (bullish)
1m candle 12:21 | close 1.505e-08
https://www.mexc.com/exchange/PIG_USDT
[2026-10-03 12:22:33] 🟢 ROLLUSDT: EMA20 crossed ABOVE EMA200 (bullish)
1m candle 12:20 | close 0.08659
https://www.mexc.com/exchange/ROLL_USDT
[2026-10-03 12:22:36] 🟢 STRKUSDT: EMA20 crossed ABOVE EMA200 (bullish)
1m candle 12:20 | close 0.04334
https://www.mexc.com/exchange/STRK_USDT
[2026-10-03 12:22:37] 🟢 TELUSDT: EMA20 crossed ABOVE EMA200 (bullish)
1m candle 12:21 | close 0.001975
https://www.mexc.com/exchange/TEL_USDT
[2026-10-03 12:22:42] 🟢 ZEPHUSDT: EMA20 crossed ABOVE EMA200 (bullish)
1m candle 12:21 | close 0.3644
https://www.mexc.com/exchange/ZEPH_USDT
[2026-10-03 12:23:10] 🟢 CAWUSDT: EMA20 crossed ABOVE EMA200 (bullish)
1m candle 12:22 | close 2.6271e-08
https://www.mexc.com/exchange/CAW_USDT
[2026-10-03 12:23:19] 🟢 ICNTUSDT: EMA20 crossed ABOVE EMA200 (bullish)
1m candle 12:22 | close 0.09507
https://www.mexc.com/exchange/ICNT_USDT
[2026-10-03 12:23:33] 🟢 RIONUSDT: EMA20 crossed ABOVE EMA200 (bullish)
1m candle 12:22 | close 0.1531
https://www.mexc.com/exchange/RION_USDT
[2026-10-03 12:24:05] 🟢 ARRRUSDT: EMA20 crossed ABOVE EMA200 (bullish)
1m candle 12:23 | close 0.3023
https://www.mexc.com/exchange/ARRR_USDT
[2026-10-03 12:24:11] 🟢 CGNUSDT: EMA20 crossed ABOVE EMA200 (bullish)
1m candle 12:23 | close 0.002028
https://www.mexc.com/exchange/CGN_USDT
[2026-10-03 12:24:13] 🟢 DMTRUSDT: EMA20 crossed ABOVE EMA200 (bullish)
1m candle 12:23 | close 0.008178
https://www.mexc.com/exchange/DMTR_USDT
[2026-10-03 12:24:29] 🟢 QUBICUSDT: EMA20 crossed ABOVE EMA200 (bullish)
1m candle 12:23 | close 5.191e-07
https://www.mexc.com/exchange/QUBIC_USDT
[2026-10-03 12:24:40] 🟢 YOMUSDT: EMA20 crossed ABOVE EMA200 (bullish)
1m candle 12:23 | close 0.01509
https://www.mexc.com/exchange/YOM_USDT
[2026-10-03 12:35:31] Scanner started.
[2026-10-05 08:28:50] Scanner started.
[2026-10-05 08:29:02] Scanner started.
[2026-10-05 08:30:09] 🟢 BIOFIUSDT: EMA20 crossed ABOVE EMA200 (bullish)
1m candle 08:28 | close 4.257e-05
https://www.mexc.com/exchange/BIOFI_USDT
[2026-10-05 08:30:13] 🟢 CREPE1USDT: EMA20 crossed ABOVE EMA200 (bullish)
1m candle 08:28 | close 9.443e-06
https://www.mexc.com/exchange/CREPE1_USDT
[2026-10-05 08:30:20] 🟢 HYPEUSDT: EMA20 crossed ABOVE EMA200 (bullish)
1m candle 08:29 | close 90.62
https://www.mexc.com/exchange/HYPE_USDT
[2026-10-05 08:30:26] 🟢 MXNAUSDT: EMA20 crossed ABOVE EMA200 (bullish)
1m candle 08:28 | close 0.005345
https://www.mexc.com/exchange/MXNA_USDT
[2026-10-05 08:30:29] 🟢 PMTUSDT: EMA20 crossed ABOVE EMA200 (bullish)
1m candle 08:29 | close 0.09922
https://www.mexc.com/exchange/PMT_USDT
[2026-10-05 08:30:30] 🟢 PPOLYUSDT: EMA20 crossed ABOVE EMA200 (bullish)
1m candle 08:29 | close 16.98
https://www.mexc.com/exchange/PPOLY_USDT
[2026-10-05 08:30:36] 🟢 SYSUSDT: EMA20 crossed ABOVE EMA200 (bullish)
1m candle 08:28 | close 0.002071
https://www.mexc.com/exchange/SYS_USDT
[2026-10-05 08:31:17] 🟢 GHXUSDT: EMA20 crossed ABOVE EMA200 (bullish)
1m candle 08:30 | close 0.011543
https://www.mexc.com/exchange/GHX_USDT
[2026-10-05 08:31:29] 🟢 PROPSUSDT: EMA20 crossed ABOVE EMA200 (bullish)
1m candle 08:30 | close 0.007206
https://www.mexc.com/exchange/PROPS_USDT
[2026-10-05 08:31:33] 🟢 SMARSUSDT: EMA20 crossed ABOVE EMA200 (bullish)
1m candle 08:30 | close 4.675e-09
https://www.mexc.com/exchange/SMARS_USDT
[2026-10-05 08:32:03] 🟢 ADIUSDT: EMA20 crossed ABOVE EMA200 (bullish)
1m candle 08:31 | close 8.0981
https://www.mexc.com/exchange/ADI_USDT
[2026-10-05 08:32:04] 🟢 ALEUSDT: EMA20 crossed ABOVE EMA200 (bullish)
1m candle 08:31 | close 0.27
https://www.mexc.com/exchange/ALE_USDT
[2026-10-05 08:32:13] 🟢 DIAMUSDT: EMA20 crossed ABOVE EMA200 (bullish)
1m candle 08:31 | close 0.005015
https://www.mexc.com/exchange/DIAM_USDT
[2026-10-05 08:32:15] 🟢 ERAUSDT: EMA20 crossed ABOVE EMA200 (bullish)
1m candle 08:31 | close 0.06616
https://www.mexc.com/exchange/ERA_USDT
[2026-10-05 08:32:17] 🟢 GEMSUSDT: EMA20 crossed ABOVE EMA200 (bullish)
1m candle 08:31 | close 0.00323
https://www.mexc.com/exchange/GEMS_USDT
[2026-10-05 08:32:30] 🟢 REEFUSDT: EMA20 crossed ABOVE EMA200 (bullish)
1m candle 08:31 | close 3.591e-05
https://www.mexc.com/exchange/REEF_USDT
[2026-10-05 08:33:04] 🟢 AMPUSDT: EMA20 crossed ABOVE EMA200 (bullish)
1m candle 08:32 | close 0.0006335
https://www.mexc.com/exchange/AMP_USDT
[2026-10-05 08:33:10] 🟢 CAUSDT: EMA20 crossed ABOVE EMA200 (bullish)
1m candle 08:32 | close 0.25505
https://www.mexc.com/exchange/CA_USDT
[2026-10-05 08:33:14] 🟢 DOTUSDT: EMA20 crossed ABOVE EMA200 (bullish)
1m candle 08:32 | close 1.2186
https://www.mexc.com/exchange/DOT_USDT
[2026-10-05 08:33:23] 🟢 METISUSDT: EMA20 crossed ABOVE EMA200 (bullish)
1m candle 08:32 | close 3.394
https://www.mexc.com/exchange/METIS_USDT
[2026-10-05 08:33:24] 🟢 MEYUSDT: EMA20 crossed ABOVE EMA200 (bullish)
1m candle 08:32 | close 0.06349
https://www.mexc.com/exchange/MEY_USDT
[2026-10-05 08:33:25] 🟢 NAPUSDT: EMA20 crossed ABOVE EMA200 (bullish)
1m candle 08:32 | close 0.2072
https://www.mexc.com/exchange/NAP_USDT
[2026-10-05 08:33:28] 🟢 PMTUSDT: EMA20 crossed ABOVE EMA200 (bullish)
1m candle 08:32 | close 0.09922
https://www.mexc.com/exchange/PMT_USDT
[2026-10-05 08:33:30] 🟢 QNTUSDT: EMA20 crossed ABOVE EMA200 (bullish)
1m candle 08:32 | close 253.28
https://www.mexc.com/exchange/QNT_USDT
[2026-10-05 08:34:12] 🟢 COTIUSDT: EMA20 crossed ABOVE EMA200 (bullish)
1m candle 08:33 | close 0.014054
https://www.mexc.com/exchange/COTI_USDT
[2026-10-05 08:34:13] 🟢 DASHUSDT: EMA20 crossed ABOVE EMA200 (bullish)
1m candle 08:33 | close 59.85
https://www.mexc.com/exchange/DASH_USDT
[2026-10-05 08:34:21] 🟢 KISHUUSDT: EMA20 crossed ABOVE EMA200 (bullish)
1m candle 08:33 | close 8.391e-11
https://www.mexc.com/exchange/KISHU_USDT
[2026-10-05 08:34:35] 🟢 SYSUSDT: EMA20 crossed ABOVE EMA200 (bullish)
1m candle 08:33 | close 0.002072
https://www.mexc.com/exchange/SYS_USDT
[2026-10-05 08:34:35] 🟢 TAIUSDT: EMA20 crossed ABOVE EMA200 (bullish)
1m candle 08:33 | close 0.004281
https://www.mexc.com/exchange/TAI_USDT
[2026-10-05 08:34:38] 🟢 VISTAUSDT: EMA20 crossed ABOVE EMA200 (bullish)
1m candle 08:33 | close 0.435
https://www.mexc.com/exchange/VISTA_USDT
[2026-10-05 08:35:03] 🟢 AFCUSDT: EMA20 crossed ABOVE EMA200 (bullish)
1m candle 08:34 | close 0.1546
https://www.mexc.com/exchange/AFC_USDT
[2026-10-05 08:35:04] 🟢 AMEUSDT: EMA20 crossed ABOVE EMA200 (bullish)
1m candle 08:34 | close 0.0002736
https://www.mexc.com/exchange/AME_USDT
[2026-10-05 08:35:40] 🟢 XUSDUSDT: EMA20 crossed ABOVE EMA200 (bullish)
1m candle 08:34 | close 1.0009
https://www.mexc.com/exchange/XUSD_USDT
[2026-10-05 08:36:22] 🟢 LONGUSDT: EMA20 crossed ABOVE EMA200 (bullish)
1m candle 08:35 | close 0.0009383
https://www.mexc.com/exchange/LONG_USDT
[2026-10-05 08:36:27] 🟢 PAALUSDT: EMA20 crossed ABOVE EMA200 (bullish)
1m candle 08:35 | close 0.012064
https://www.mexc.com/exchange/PAAL_USDT
[2026-10-05 08:36:38] 🟢 USATUSDT: EMA20 crossed ABOVE EMA200 (bullish)
1m candle 08:35 | close 0.9999
https://www.mexc.com/exchange/USAT_USDT
[2026-10-05 08:36:39] 🟢 XCXUSDT: EMA20 crossed ABOVE EMA200 (bullish)
1m candle 08:35 | close 0.0029587
https://www.mexc.com/exchange/XCX_USDT
[2026-10-05 08:37:16] 🟢 FTTUSDT: EMA20 crossed ABOVE EMA200 (bullish)
1m candle 08:36 | close 0.2565
https://www.mexc.com/exchange/FTT_USDT
[2026-10-05 08:37:32] 🟢 RIONUSDT: EMA20 crossed ABOVE EMA200 (bullish)
1m candle 08:36 | close 0.1417
https://www.mexc.com/exchange/RION_USDT
[2026-10-05 08:38:07] 🟢 AVVUSDT: EMA20 crossed ABOVE EMA200 (bullish)
1m candle 08:37 | close 0.008534
https://www.mexc.com/exchange/AVV_USDT
[2026-10-05 08:38:10] 🟢 CATUSDT: EMA20 crossed ABOVE EMA200 (bullish)
1m candle 08:37 | close 2.305e-06
https://www.mexc.com/exchange/CAT_USDT
[2026-10-05 08:38:26] 🟢 OMGUSDT: EMA20 crossed ABOVE EMA200 (bullish)
1m candle 08:37 | close 0.05089
https://www.mexc.com/exchange/OMG_USDT
[2026-10-05 08:38:32] 🟢 SCRUSDT: EMA20 crossed ABOVE EMA200 (bullish)
1m candle 08:37 | close 0.03023
https://www.mexc.com/exchange/SCR_USDT
[2026-10-05 08:38:39] 🟢 USDUSDT: EMA20 crossed ABOVE EMA200 (bullish)
1m candle 08:37 | close 1.0003
https://www.mexc.com/exchange/USD_USDT
[2026-10-05 08:38:41] 🟢 XYOUSDT: EMA20 crossed ABOVE EMA200 (bullish)
1m candle 08:37 | close 0.00378
https://www.mexc.com/exchange/XYO_USDT
[2026-10-05 08:39:18] 🟢 HBARUSDT: EMA20 crossed ABOVE EMA200 (bullish)
1m candle 08:38 | close 0.1045
https://www.mexc.com/exchange/HBAR_USDT
[2026-10-05 08:39:24] 🟢 MINAUSDT: EMA20 crossed ABOVE EMA200 (bullish)
1m candle 08:38 | close 0.15877
https://www.mexc.com/exchange/MINA_USDT
[2026-10-05 08:39:27] 🟢 PEAQUSDT: EMA20 crossed ABOVE EMA200 (bullish)
1m candle 08:38 | close 0.04649
https://www.mexc.com/exchange/PEAQ_USDT
[2026-10-05 08:40:05] 🟢 ARCAIUSDT: EMA20 crossed ABOVE EMA200 (bullish)
1m candle 08:39 | close 0.002177
https://www.mexc.com/exchange/ARCAI_USDT
[2026-10-05 08:40:06] 🟢 AUSDT: EMA20 crossed ABOVE EMA200 (bullish)
1m candle 08:39 | close 0.09816
https://www.mexc.com/exchange/A_USDT
[2026-10-05 08:40:13] 🟢 DOGEUSDT: EMA20 crossed ABOVE EMA200 (bullish)
1m candle 08:39 | close 0.09644
https://www.mexc.com/exchange/DOGE_USDT
[2026-10-05 08:40:33] 🟢 SNTUSDT: EMA20 crossed ABOVE EMA200 (bullish)
1m candle 08:39 | close 0.00856
https://www.mexc.com/exchange/SNT_USDT
[2026-10-05 08:41:04] 🟢 AGIUSDT: EMA20 crossed ABOVE EMA200 (bullish)
1m candle 08:40 | close 0.006809
https://www.mexc.com/exchange/AGI_USDT
[2026-10-05 08:41:26] 🟢 NETXUSDT: EMA20 crossed ABOVE EMA200 (bullish)
1m candle 08:40 | close 0.1724
https://www.mexc.com/exchange/NETX_USDT
[2026-10-05 08:41:28] 🟢 OWLUSDT: EMA20 crossed ABOVE EMA200 (bullish)
1m candle 08:40 | close 0.0013411
https://www.mexc.com/exchange/OWL_USDT
[2026-10-05 08:41:28] 🟢 PAALUSDT: EMA20 crossed ABOVE EMA200 (bullish)
1m candle 08:40 | close 0.012054
https://www.mexc.com/exchange/PAAL_USDT
[2026-10-05 08:41:31] 🟢 RESOLVUSDT: EMA20 crossed ABOVE EMA200 (bullish)
1m candle 08:40 | close 0.01953
https://www.mexc.com/exchange/RESOLV_USDT
[2026-10-05 09:59:58] Scanner started.
[2026-10-05 10:00:11] 🟢 BRLUSDT: EMA20 crossed ABOVE EMA200 (bullish)
1m candle 09:58 | close 0.1924
https://www.mexc.com/exchange/BRL_USDT
[2026-10-05 10:00:21] 🟢 ICNTUSDT: EMA20 crossed ABOVE EMA200 (bullish)
1m candle 09:58 | close 0.09943
https://www.mexc.com/exchange/ICNT_USDT
[2026-10-05 10:00:25] 🟢 MBGUSDT: EMA20 crossed ABOVE EMA200 (bullish)
1m candle 09:59 | close 0.1035
https://www.mexc.com/exchange/MBG_USDT
[2026-10-05 10:00:31] 🟢 PORTOUSDT: EMA20 crossed ABOVE EMA200 (bullish)
1m candle 09:59 | close 0.4586
https://www.mexc.com/exchange/PORTO_USDT
[2026-10-05 10:00:31] 🟢 PROSPERUSDT: EMA20 crossed ABOVE EMA200 (bullish)
1m candle 09:59 | close 0.0276
https://www.mexc.com/exchange/PROSPER_USDT
[2026-10-05 10:00:32] 🟢 PUMPUSDT: EMA20 crossed ABOVE EMA200 (bullish)
1m candle 09:58 | close 0.006424
https://www.mexc.com/exchange/PUMP_USDT
[2026-10-05 10:00:32] 🟢 QUSDT: EMA20 crossed ABOVE EMA200 (bullish)
1m candle 09:58 | close 0.021309
https://www.mexc.com/exchange/Q_USDT
[2026-10-05 10:01:11] 🟢 BZZUSDT: EMA20 crossed ABOVE EMA200 (bullish)
1m candle 10:00 | close 0.0509
https://www.mexc.com/exchange/BZZ_USDT
[2026-10-05 10:01:18] 🟢 HFTUSDT: EMA20 crossed ABOVE EMA200 (bullish)
1m candle 10:00 | close 0.007126
https://www.mexc.com/exchange/HFT_USDT
[2026-10-05 10:02:08] 🟢 BIOFIUSDT: EMA20 crossed ABOVE EMA200 (bullish)
1m candle 10:00 | close 4.25e-05
https://www.mexc.com/exchange/BIOFI_USDT
[2026-10-05 10:02:11] 🟢 CKUSDTUSDT: EMA20 crossed ABOVE EMA200 (bullish)
1m candle 10:01 | close 1.0003
https://www.mexc.com/exchange/CKUSDT_USDT
[2026-10-05 10:02:14] 🟢 DOTUSDT: EMA20 crossed ABOVE EMA200 (bullish)
1m candle 10:01 | close 1.2164
https://www.mexc.com/exchange/DOT_USDT
[2026-10-05 10:02:24] 🟢 MXNAUSDT: EMA20 crossed ABOVE EMA200 (bullish)
1m candle 10:01 | close 0.005345
https://www.mexc.com/exchange/MXNA_USDT
[2026-10-05 10:02:26] 🟢 OMGUSDT: EMA20 crossed ABOVE EMA200 (bullish)
1m candle 10:01 | close 0.05096
https://www.mexc.com/exchange/OMG_USDT
[2026-10-05 10:02:32] 🟢 SDUSDT: EMA20 crossed ABOVE EMA200 (bullish)
1m candle 10:01 | close 0.12024
https://www.mexc.com/exchange/SD_USDT
[2026-10-05 10:02:48] 🟢 VISTAUSDT: EMA20 crossed ABOVE EMA200 (bullish)
1m candle 10:01 | close 0.4359
https://www.mexc.com/exchange/VISTA_USDT
[2026-10-05 10:03:03] 🟢 ADIUSDT: EMA20 crossed ABOVE EMA200 (bullish)
1m candle 10:02 | close 8.1023
https://www.mexc.com/exchange/ADI_USDT
[2026-10-05 10:03:23] 🟢 MEGAUSDT: EMA20 crossed ABOVE EMA200 (bullish)
1m candle 10:02 | close 0.04927
https://www.mexc.com/exchange/MEGA_USDT
[2026-10-05 10:03:29] 🟢 PPOLYUSDT: EMA20 crossed ABOVE EMA200 (bullish)
1m candle 10:02 | close 17.02
https://www.mexc.com/exchange/PPOLY_USDT
[2026-10-05 10:03:30] 🟢 RBNTUSDT: EMA20 crossed ABOVE EMA200 (bullish)
1m candle 10:02 | close 0.002617
https://www.mexc.com/exchange/RBNT_USDT
[2026-10-05 10:04:05] 🟢 ARCAIUSDT: EMA20 crossed ABOVE EMA200 (bullish)
1m candle 10:03 | close 0.002179
https://www.mexc.com/exchange/ARCAI_USDT
[2026-10-05 10:04:10] 🟢 CELOUSDT: EMA20 crossed ABOVE EMA200 (bullish)
1m candle 10:03 | close 0.10553
https://www.mexc.com/exchange/CELO_USDT
[2026-10-05 10:04:15] 🟢 ESPORTSUSDT: EMA20 crossed ABOVE EMA200 (bullish)
1m candle 10:03 | close 0.02015
https://www.mexc.com/exchange/ESPORTS_USDT
[2026-10-05 10:04:23] 🟢 MANYUUSDT: EMA20 crossed ABOVE EMA200 (bullish)
1m candle 10:03 | close 3.835e-09
https://www.mexc.com/exchange/MANYU_USDT
[2026-10-05 10:04:27] 🟢 OPGUSDT: EMA20 crossed ABOVE EMA200 (bullish)
1m candle 10:03 | close 0.13528
https://www.mexc.com/exchange/OPG_USDT
[2026-10-05 10:04:42] 🟢 ZBCNUSDT: EMA20 crossed ABOVE EMA200 (bullish)
1m candle 10:03 | close 0.0025593
https://www.mexc.com/exchange/ZBCN_USDT
[2026-10-05 10:05:13] 🟢 DELTAUSDT: EMA20 crossed ABOVE EMA200 (bullish)
1m candle 10:04 | close 0.016424
https://www.mexc.com/exchange/DELTA_USDT
[2026-10-05 10:05:14] 🟢 ELIZAOSUSDT: EMA20 crossed ABOVE EMA200 (bullish)
1m candle 10:04 | close 0.0001617
https://www.mexc.com/exchange/ELIZAOS_USDT
[2026-10-05 10:05:24] 🟢 MOGUSDT: EMA20 crossed ABOVE EMA200 (bullish)
1m candle 10:04 | close 1.2133e-07
https://www.mexc.com/exchange/MOG_USDT
[2026-10-05 10:05:29] 🟢 POWERUSDT: EMA20 crossed ABOVE EMA200 (bullish)
1m candle 10:04 | close 0.08572
https://www.mexc.com/exchange/POWER_USDT
[2026-10-05 10:05:30] 🟢 QUSDT: EMA20 crossed ABOVE EMA200 (bullish)
1m candle 10:04 | close 0.021308
https://www.mexc.com/exchange/Q_USDT
[2026-10-05 10:05:32] 🟢 SENTUSDT: EMA20 crossed ABOVE EMA200 (bullish)
1m candle 10:04 | close 0.02325
https://www.mexc.com/exchange/SENT_USDT
[2026-10-05 10:05:42] 🟢 ZETAUSDT: EMA20 crossed ABOVE EMA200 (bullish)
1m candle 10:04 | close 0.05097
https://www.mexc.com/exchange/ZETA_USDT
[2026-10-05 10:06:06] 🟢 ATUSDT: EMA20 crossed ABOVE EMA200 (bullish)
1m candle 10:05 | close 0.12799
https://www.mexc.com/exchange/AT_USDT
[2026-10-05 10:06:25] 🟢 NEARUSDT: EMA20 crossed ABOVE EMA200 (bullish)
1m candle 10:05 | close 4.975
https://www.mexc.com/exchange/NEAR_USDT
[2026-10-05 10:06:25] 🟢 NLSUSDT: EMA20 crossed ABOVE EMA200 (bullish)
1m candle 10:05 | close 0.00374
https://www.mexc.com/exchange/NLS_USDT
[2026-10-05 10:06:28] 🟢 PNICUSDT: EMA20 crossed ABOVE EMA200 (bullish)
1m candle 10:05 | close 0.001238
https://www.mexc.com/exchange/PNIC_USDT
[2026-10-05 10:06:33] 🟢 SHXUSDT: EMA20 crossed ABOVE EMA200 (bullish)
1m candle 10:05 | close 0.007505
https://www.mexc.com/exchange/SHX_USDT
[2026-10-05 10:06:33] 🟢 SEIUSDT: EMA20 crossed ABOVE EMA200 (bullish)
1m candle 10:05 | close 0.07382
https://www.mexc.com/exchange/SEI_USDT
[2026-10-05 10:06:40] 🟢 XENUSDT: EMA20 crossed ABOVE EMA200 (bullish)
1m candle 10:05 | close 5.447e-09
https://www.mexc.com/exchange/XEN_USDT
[2026-10-05 10:07:06] 🟢 ARCAIUSDT: EMA20 crossed ABOVE EMA200 (bullish)
1m candle 10:06 | close 0.002269
https://www.mexc.com/exchange/ARCAI_USDT
[2026-10-05 10:07:06] 🟢 APEUSDT: EMA20 crossed ABOVE EMA200 (bullish)
1m candle 10:06 | close 0.1691
https://www.mexc.com/exchange/APE_USDT
[2026-10-05 10:07:14] 🟢 DIAMUSDT: EMA20 crossed ABOVE EMA200 (bullish)
1m candle 10:06 | close 0.005013
https://www.mexc.com/exchange/DIAM_USDT
[2026-10-05 10:07:26] 🟢 MYROUSDT: EMA20 crossed ABOVE EMA200 (bullish)
1m candle 10:06 | close 0.002256
https://www.mexc.com/exchange/MYRO_USDT
[2026-10-05 10:07:42] 🟢 ZCUSDT: EMA20 crossed ABOVE EMA200 (bullish)
1m candle 10:06 | close 0.033898
https://www.mexc.com/exchange/ZC_USDT
[2026-10-05 10:08:03] 🟢 ADAUSDT: EMA20 crossed ABOVE EMA200 (bullish)
1m candle 10:07 | close 0.2678
https://www.mexc.com/exchange/ADA_USDT
[2026-10-05 10:08:06] 🟢 ARUSDT: EMA20 crossed ABOVE EMA200 (bullish)
1m candle 10:07 | close 4.48
https://www.mexc.com/exchange/AR_USDT
[2026-10-05 10:08:10] 🟢 CAPINFRAUSDT: EMA20 crossed ABOVE EMA200 (bullish)
1m candle 10:07 | close 0.08198
https://www.mexc.com/exchange/CAPINFRA_USDT
[2026-10-05 10:08:14] 🟢 ELUSDT: EMA20 crossed ABOVE EMA200 (bullish)
1m candle 10:07 | close 0.001841
https://www.mexc.com/exchange/EL_USDT
[2026-10-05 10:08:24] 🟢 MOEUSDT: EMA20 crossed ABOVE EMA200 (bullish)
1m candle 10:07 | close 0.005244
https://www.mexc.com/exchange/MOE_USDT
[2026-10-05 10:08:24] 🟢 MOVRUSDT: EMA20 crossed ABOVE EMA200 (bullish)
1m candle 10:07 | close 1.7572
https://www.mexc.com/exchange/MOVR_USDT
[2026-10-05 10:08:25] 🟢 NEARLYUSDT: EMA20 crossed ABOVE EMA200 (bullish)
1m candle 10:07 | close 0.00459
https://www.mexc.com/exchange/NEARLY_USDT
[2026-10-05 10:08:31] 🟢 RSCUSDT: EMA20 crossed ABOVE EMA200 (bullish)
1m candle 10:07 | close 0.05392
https://www.mexc.com/exchange/RSC_USDT
[2026-10-05 10:08:33] 🟢 SOSOUSDT: EMA20 crossed ABOVE EMA200 (bullish)
1m candle 10:07 | close 0.3025
https://www.mexc.com/exchange/SOSO_USDT
[2026-10-05 10:09:06] 🟢 ASTEROID1USDT: EMA20 crossed ABOVE EMA200 (bullish)
1m candle 10:08 | close 0.001633
https://www.mexc.com/exchange/ASTEROID1_USDT
[2026-10-05 10:09:08] 🟢 BFTUSDT: EMA20 crossed ABOVE EMA200 (bullish)
1m candle 10:08 | close 0.0010255
https://www.mexc.com/exchange/BFT_USDT
[2026-10-05 10:09:09] 🟢 BOBAUSDT: EMA20 crossed ABOVE EMA200 (bullish)
1m candle 10:08 | close 0.02207
https://www.mexc.com/exchange/BOBA_USDT
[2026-10-05 10:09:20] 🟢 JMDTUSDT: EMA20 crossed ABOVE EMA200 (bullish)
1m candle 10:08 | close 1.3445
https://www.mexc.com/exchange/JMDT_USDT
[2026-10-05 10:09:23] 🟢 MERLUSDT: EMA20 crossed ABOVE EMA200 (bullish)
1m candle 10:08 | close 0.03131
https://www.mexc.com/exchange/MERL_USDT
[2026-10-05 10:09:24] 🟢 MXNAUSDT: EMA20 crossed ABOVE EMA200 (bullish)
1m candle 10:08 | close 0.005344
https://www.mexc.com/exchange/MXNA_USDT
[2026-10-05 10:09:31] 🟢 RIVERUSDT: EMA20 crossed ABOVE EMA200 (bullish)
1m candle 10:08 | close 1.2245
https://www.mexc.com/exchange/RIVER_USDT
[2026-10-05 10:09:39] 🟢 WUSDT: EMA20 crossed ABOVE EMA200 (bullish)
1m candle 10:08 | close 0.014559
https://www.mexc.com/exchange/W_USDT
[2026-10-05 10:10:04] 🟢 ALCHUSDT: EMA20 crossed ABOVE EMA200 (bullish)
1m candle 10:09 | close 0.04952
https://www.mexc.com/exchange/ALCH_USDT
[2026-10-05 10:10:08] 🟢 BIOFIUSDT: EMA20 crossed ABOVE EMA200 (bullish)
1m candle 10:09 | close 4.251e-05
https://www.mexc.com/exchange/BIOFI_USDT
[2026-10-05 10:10:22] 🟢 MANAUSDT: EMA20 crossed ABOVE EMA200 (bullish)
1m candle 10:09 | close 0.10272
https://www.mexc.com/exchange/MANA_USDT
[2026-10-05 10:10:30] 🟢 QNTUSDT: EMA20 crossed ABOVE EMA200 (bullish)
1m candle 10:09 | close 253.71
https://www.mexc.com/exchange/QNT_USDT
[2026-10-05 10:10:35] 🟢 TACUSDT: EMA20 crossed ABOVE EMA200 (bullish)
1m candle 10:09 | close 0.001543
https://www.mexc.com/exchange/TAC_USDT
[2026-10-05 10:10:37] 🟢 UPUSDT: EMA20 crossed ABOVE EMA200 (bullish)
1m candle 10:09 | close 0.19596
https://www.mexc.com/exchange/UP_USDT
[2026-10-05 10:10:37] 🟢 USATUSDT: EMA20 crossed ABOVE EMA200 (bullish)
1m candle 10:09 | close 0.9999
https://www.mexc.com/exchange/USAT_USDT
[2026-10-05 10:11:09] 🟢 BSBUSDT: EMA20 crossed ABOVE EMA200 (bullish)
1m candle 10:10 | close 0.10339
https://www.mexc.com/exchange/BSB_USDT
[2026-10-05 10:11:13] 🟢 DOSUSDT: EMA20 crossed ABOVE EMA200 (bullish)
1m candle 10:10 | close 0.21488
https://www.mexc.com/exchange/DOS_USDT
[2026-10-05 10:11:15] 🟢 EULUSDT: EMA20 crossed ABOVE EMA200 (bullish)
1m candle 10:10 | close 1.4619
https://www.mexc.com/exchange/EUL_USDT
[2026-10-05 10:11:16] 🟢 FLOKIUSDT: EMA20 crossed ABOVE EMA200 (bullish)
1m candle 10:10 | close 2.896e-05
https://www.mexc.com/exchange/FLOKI_USDT
[2026-10-05 10:11:25] 🟢 NIGHTUSDT: EMA20 crossed ABOVE EMA200 (bullish)
1m candle 10:10 | close 0.04532
https://www.mexc.com/exchange/NIGHT_USDT
[2026-10-05 10:12:04] 🟢 ANDYETHUSDT: EMA20 crossed ABOVE EMA200 (bullish)
1m candle 10:11 | close 1.3056e-05
https://www.mexc.com/exchange/ANDYETH_USDT
[2026-10-05 10:12:10] 🟢 BUSDT: EMA20 crossed ABOVE EMA200 (bullish)
1m candle 10:10 | close 0.18079
https://www.mexc.com/exchange/B_USDT
